2026-08-18 16:22:39,816 - ERROR - url: http://aktv.space/live.m3u 失败❌, Error: 404 Client Error: Not Found for url: http://aktv.space/live.m3u
2026-08-18 16:22:44,823 - ERROR - url: http://92.112.21.169:30000/mytv.m3u 失败❌, Error: HTTPConnectionPool(host='92.112.21.169', port=30000): Max retries exceeded with url: /mytv.m3u (Caused by ConnectTimeoutError(<HTTPConnection(host='92.112.21.169', port=30000) at 0x7fbdac42a5c0>, 'Connection to 92.112.21.169 timed out. (connect timeout=5)'))
2026-08-18 16:22:45,027 - INFO - url: https://raw.githubusercontent.com/alantang1977/IPTV_SuperA/main/output/result.m3u 成功，判断为m3u格式，响应时间: 0.20 秒
2026-08-18 16:22:45,279 - INFO - url: https://raw.githubusercontent.com/peterHchina/iptv/refs/heads/main/IPTV-V4.m3u 成功，判断为m3u格式，响应时间: 0.25 秒
2026-08-18 16:22:45,399 - ERROR - url: https://raw.githubusercontent.com/alantang1977/JunTV/refs/heads/main/output/result.m3u 失败❌, Error: 404 Client Error: Not Found for url: https://raw.githubusercontent.com/alantang1977/JunTV/refs/heads/main/output/result.m3u
2026-08-18 16:22:45,532 - INFO - url: https://raw.githubusercontent.com/ssili126/tv/main/itvlist.txt 成功，判断为txt格式，响应时间: 0.13 秒
2026-08-18 16:22:45,533 - INFO - url: https://raw.githubusercontent.com/ssili126/tv/main/itvlist.txt 成功，包含频道分类: 央视频道, 卫视频道, 其他频道
2026-08-18 16:22:46,660 - INFO - url: https://live.zbds.top/tv/iptv4.txt 成功，判断为txt格式，响应时间: 1.13 秒
2026-08-18 16:22:46,662 - INFO - url: https://live.zbds.top/tv/iptv4.txt 成功，包含频道分类: 央视频道, 卫视频道, 电影频道, 儿童频道, 地方频道, 纪录频道, 体育频道, 音乐频道, 更新时间
2026-08-18 16:22:48,665 - ERROR - url: https://gitee.com/xxy002/zhiboyuan/raw/master/dsy 失败❌, Error: 404 Client Error: Not Found for url: https://gitee.com/xxy002/zhiboyuan/raw/master/dsy
2026-08-18 16:22:48,776 - ERROR - url: https://raw.githubusercontent.com/tianya7981/jiekou/refs/heads/main/野火959 失败❌, Error: 404 Client Error: Not Found for url: https://raw.githubusercontent.com/tianya7981/jiekou/refs/heads/main/%E9%87%8E%E7%81%AB959
2026-08-18 16:22:48,805 - ERROR - url: https://raw.githubusercontent.com/big-mouth-cn/tv/main/iptv-ok.m3u 失败❌, Error: ('Connection aborted.', ConnectionResetError(104, 'Connection reset by peer'))
2026-08-18 16:22:49,280 - ERROR - url: https://codeberg.org/alfredisme/mytvsources/raw/branch/main/mylist-ipv6.m3u 失败❌, Error: 404 Client Error: Not Found for url: https://codeberg.org/alfredisme/mytvsources/raw/branch/main/mylist-ipv6.m3u
2026-08-18 16:22:49,395 - ERROR - url: https://raw.githubusercontent.com/lalifeier/IPTV/main/m3u/IPTV.m3u 失败❌, Error: 404 Client Error: Not Found for url: https://raw.githubusercontent.com/lalifeier/IPTV/main/m3u/IPTV.m3u
2026-08-18 16:22:49,523 - INFO - url: https://raw.githubusercontent.com/wwb521/live/main/tv.m3u 成功，判断为m3u格式，响应时间: 0.13 秒
2026-08-18 16:22:49,632 - INFO - url: https://raw.githubusercontent.com/ssili126/tv/main/itvlist.m3u 成功，判断为m3u格式，响应时间: 0.11 秒
2026-08-18 16:22:49,800 - INFO - url: https://raw.githubusercontent.com/asdjkl6/tv/tv/.m3u/整套直播源/测试/整套直播源/l.txt 成功，判断为txt格式，响应时间: 0.17 秒
2026-08-18 16:22:49,802 - INFO - url: https://raw.githubusercontent.com/asdjkl6/tv/tv/.m3u/整套直播源/测试/整套直播源/l.txt 成功，包含频道分类: 💥 央视, 💥 卫视, 💥 浙江, 💥 体育, 💥 ip.tv, 💥 Y//Y, 💥 斗鱼, 💥 虎牙, 💥 iH.ot, 💥 数字, 💥 港闽
2026-08-18 16:22:49,931 - INFO - url: https://raw.githubusercontent.com/asdjkl6/tv/tv/.m3u/整套直播源/测试/整套直播源/kk.txt 成功，判断为txt格式，响应时间: 0.13 秒
2026-08-18 16:22:49,933 - INFO - url: https://raw.githubusercontent.com/asdjkl6/tv/tv/.m3u/整套直播源/测试/整套直播源/kk.txt 成功，包含频道分类: 🇨🇳 低调, 🇨🇳 央视, 🇨🇳 卫视, 🇨🇳 NEWTV, 🇨🇳 IHOT, 🇨🇳 咪咕, 🇨🇳 Y Y, 🇨🇳 剧场, 🇨🇳 体育, 🇨🇳 埋堆, 🇨🇳 斗鱼, 虎牙, 🇨🇳 港台, 🇨🇳 D J
2026-08-18 16:22:49,962 - ERROR - url: https://raw.githubusercontent.com/suxuang/myIPTV/main/ipv6.m3u 失败❌, Error: ('Connection aborted.', ConnectionResetError(104, 'Connection reset by peer'))
2026-08-18 16:22:50,955 - INFO - url: https://raw.githubusercontent.com/Guovin/iptv-api/gd/output/result.m3u 成功，判断为m3u格式，响应时间: 0.99 秒
2026-08-18 16:22:52,314 - INFO - url: https://raw.githubusercontent.com/yuanzl77/IPTV/main/live.m3u 成功，判断为m3u格式，响应时间: 1.36 秒
2026-08-18 16:22:52,445 - INFO - url: https://raw.githubusercontent.com/YanG-1989/m3u/main/Gather.m3u 成功，判断为m3u格式，响应时间: 0.13 秒
2026-08-18 16:22:52,562 - ERROR - url: https://raw.githubusercontent.com/YueChan/Live/refs/heads/main/APTV.m3u 失败❌, Error: 404 Client Error: Not Found for url: https://raw.githubusercontent.com/YueChan/Live/refs/heads/main/APTV.m3u
2026-08-18 16:22:52,696 - INFO - url: https://raw.githubusercontent.com/Kimentanm/aptv/master/m3u/iptv.m3u 成功，判断为m3u格式，响应时间: 0.13 秒
2026-08-18 16:22:53,738 - INFO - url: https://live.zbds.top/tv/iptv6.txt 成功，判断为txt格式，响应时间: 1.04 秒
2026-08-18 16:22:53,738 - INFO - url: https://live.zbds.top/tv/iptv6.txt 成功，包含频道分类: 更新时间
2026-08-18 16:22:53,892 - ERROR - url: http://xhztv.top/new.txt 失败❌, Error: HTTPConnectionPool(host='xhztv.top', port=80): Max retries exceeded with url: /new.txt (Caused by NewConnectionError("HTTPConnection(host='xhztv.top', port=80): Failed to establish a new connection: [Errno 111] Connection refused"))
2026-08-18 16:22:54,006 - ERROR - url: https://raw.githubusercontent.com/vbskycn/iptv/master/tv/hd.txt 失败❌, Error: 404 Client Error: Not Found for url: https://raw.githubusercontent.com/vbskycn/iptv/master/tv/hd.txt
2026-08-18 16:22:54,458 - INFO - url: https://live.fanmingming.cn/tv/m3u/ipv6.m3u 成功，判断为m3u格式，响应时间: 0.45 秒
2026-08-18 16:22:55,411 - INFO - url: https://live.zhoujie218.top/tv/iptv6.txt 成功，判断为txt格式，响应时间: 0.95 秒
2026-08-18 16:22:55,411 - INFO - url: https://live.zhoujie218.top/tv/iptv6.txt 成功，包含频道分类: 更新时间
2026-08-18 16:22:55,493 - INFO - url: https://cdn.jsdelivr.net/gh/YueChan/live@main/IPTV.m3u 成功，判断为m3u格式，响应时间: 0.08 秒
2026-08-18 16:22:55,597 - INFO - url: https://raw.githubusercontent.com/cymz6/AutoIPTV-Hotel/main/lives.txt 成功，判断为txt格式，响应时间: 0.10 秒
2026-08-18 16:22:55,597 - INFO - url: https://raw.githubusercontent.com/cymz6/AutoIPTV-Hotel/main/lives.txt 成功，包含频道分类: 央视频道, 卫视频道, 其他频道
2026-08-18 16:22:55,681 - ERROR - url: https://raw.githubusercontent.com/PizazzGY/TVBox_warehouse/main/live.txt 失败❌, Error: 404 Client Error: Not Found for url: https://raw.githubusercontent.com/PizazzGY/TVBox_warehouse/main/live.txt
2026-08-18 16:22:56,443 - ERROR - url: https://fm1077.serv00.net/SmartTV.m3u 失败❌, Error: 404 Client Error: Not Found for url: https://fm1077.serv00.net/SmartTV.m3u
2026-08-18 16:22:56,582 - INFO - url: https://raw.githubusercontent.com/joevess/IPTV/main/home.m3u8 成功，判断为txt格式，响应时间: 0.14 秒
2026-08-18 16:23:01,962 - ERROR - url: https://tv.youdu.fan:666/live/ 失败❌, Error: HTTPSConnectionPool(host='tv.youdu.fan', port=666): Max retries exceeded with url: /live/ (Caused by ConnectTimeoutError(<HTTPSConnection(host='tv.youdu.fan', port=666) at 0x7fbdac429ba0>, 'Connection to tv.youdu.fan timed out. (connect timeout=5)'))
2026-08-18 16:23:02,200 - INFO - url: https://m3u.ibert.me/txt/o_cn.txt 成功，判断为txt格式，响应时间: 0.24 秒
2026-08-18 16:23:02,200 - INFO - url: https://m3u.ibert.me/txt/o_cn.txt 成功，包含频道分类: Religious, Undefined, News, Kids, General, Business, Entertainment, Sports, Movies, Education, Culture, Documentary, Music, Lifestyle, Education;Outdoor, Classic, Animation;Kids, Education;Lifestyle;Science, Kids;Lifestyle, Weather, Family, Science, Education;Science, Legislative, Shop
2026-08-18 16:23:02,295 - INFO - url: https://m3u.ibert.me/txt/j_iptv.txt 成功，判断为txt格式，响应时间: 0.09 秒
2026-08-18 16:23:02,330 - ERROR - url: https://raw.githubusercontent.com/xzw832/cmys/main/S_CCTV.txt 失败❌, Error: ('Connection aborted.', ConnectionResetError(104, 'Connection reset by peer'))
2026-08-18 16:23:02,600 - INFO - url: https://raw.githubusercontent.com/xzw832/cmys/main/S_weishi.txt 成功，判断为txt格式，响应时间: 0.27 秒
2026-08-18 16:23:02,842 - INFO - url: https://raw.githubusercontent.com/BurningC4/Chinese-IPTV/master/TV-IPV4.m3u 成功，判断为m3u格式，响应时间: 0.24 秒
2026-08-18 16:23:02,952 - INFO - url: https://raw.githubusercontent.com/joevess/IPTV/main/m3u/iptv.m3u 成功，判断为txt格式，响应时间: 0.11 秒
2026-08-18 16:23:03,061 - ERROR - url: https://raw.githubusercontent.com/Ftindy/IPTV-URL/main/IPV6.m3u 失败❌, Error: 404 Client Error: Not Found for url: https://raw.githubusercontent.com/Ftindy/IPTV-URL/main/IPV6.m3u
2026-08-18 16:23:03,120 - INFO - url: https://raw.githubusercontent.com/YanG-1989/m3u/main/Gather.m3u 成功，判断为m3u格式，响应时间: 0.06 秒
2026-08-18 16:23:03,825 - INFO - url: https://iptv.b2og.com/txt/fmml_ipv6.txt 成功，判断为txt格式，响应时间: 0.70 秒
2026-08-18 16:23:03,826 - INFO - url: https://iptv.b2og.com/txt/fmml_ipv6.txt 成功，包含频道分类: 央视频道, 卫视频道, 浙江频道, 内蒙频道
2026-08-18 16:23:03,974 - ERROR - url: http://xhztv.top/zbc.txt 失败❌, Error: HTTPConnectionPool(host='xhztv.top', port=80): Max retries exceeded with url: /zbc.txt (Caused by NewConnectionError("HTTPConnection(host='xhztv.top', port=80): Failed to establish a new connection: [Errno 111] Connection refused"))
2026-08-18 16:23:04,096 - INFO - url: https://raw.githubusercontent.com/kimwang1978/collect-tv-txt/main/merged_output_simple.txt 成功，判断为txt格式，响应时间: 0.12 秒
2026-08-18 16:23:04,096 - INFO - url: https://raw.githubusercontent.com/kimwang1978/collect-tv-txt/main/merged_output_simple.txt 成功，包含频道分类: 更新时间
2026-08-18 16:23:04,234 - INFO - url: https://raw.githubusercontent.com/SPX372928/MyIPTV/master/黑龙江PLTV移动CDN版.txt 成功，判断为txt格式，响应时间: 0.14 秒
2026-08-18 16:23:04,751 - INFO - url: https://raw.githubusercontent.com/qingwen07/awesome-iptv/main/tvbox_live_all.txt 成功，判断为txt格式，响应时间: 0.51 秒
2026-08-18 16:23:04,770 - INFO - url: https://raw.githubusercontent.com/qingwen07/awesome-iptv/main/tvbox_live_all.txt 成功，包含频道分类: 央视, 新闻, 卫视台, 地方台, 港澳台, 埋堆堆, 影视, 体育, 音乐, 小品, 咪咕, 斗鱼, 少儿, 国外, IPV6, 
2026-08-18 16:23:04,918 - INFO - url: https://raw.githubusercontent.com/kimwang1978/collect-tv-txt/main/merged_output.m3u 成功，判断为m3u格式，响应时间: 0.15 秒
2026-08-18 16:23:05,076 - INFO - url: https://live.zhoujie218.top/tv/iptv4.txt 成功，判断为txt格式，响应时间: 0.16 秒
2026-08-18 16:23:05,077 - INFO - url: https://live.zhoujie218.top/tv/iptv4.txt 成功，包含频道分类: 央视频道, 卫视频道, 电影频道, 儿童频道, 地方频道, 纪录频道, 体育频道, 音乐频道, 更新时间
